// Jest Snapshot v1, https://goo.gl/fbAQLP

exports[`it renders correctly todoListItem 1`] = `
<li
  className="MuiListItem-container"
>
  <div
    className="MuiListItem-root makeStyles-todoItem-46 MuiListItem-gutters MuiListItem-secondaryAction"
    data-testid="todo-list-item"
    disabled={false}
  >
    <div
      className="makeStyles-todoItemContent-43"
    >
      <div
        className="MuiFormControl-root MuiTextField-root"
        onKeyPress={[Function]}
      >
        <div
          className="MuiInputBase-root MuiInput-root MuiInput-underline MuiInputBase-formControl MuiInput-formControl"
          onClick={[Function]}
        >
          <input
            aria-invalid={false}
            aria-label="todo-item-edit-input"
            autoFocus={false}
            className="MuiInputBase-input MuiInput-input makeStyles-editInputStyles-49"
            disabled={false}
            onAnimationStart={[Function]}
            onBlur={[Function]}
            onChange={[Function]}
            onFocus={[Function]}
            required={false}
            type="text"
            value=""
          />
        </div>
      </div>
      <span
        className="MuiTypography-root makeStyles-dateStyles-48 MuiTypography-caption MuiTypography-gutterBottom MuiTypography-displayBlock"
      >
        03.11.2020, 20:38
      </span>
    </div>
  </div>
  <div
    className="MuiListItemSecondaryAction-root makeStyles-todoButtonsWrap-44"
  >
    <button
      className="MuiButtonBase-root MuiButton-root MuiButton-contained MuiButton-containedPrimary MuiButton-containedSizeSmall MuiButton-sizeSmall"
      disabled={false}
      onBlur={[Function]}
      onClick={[Function]}
      onDragLeave={[Function]}
      onFocus={[Function]}
      onKeyDown={[Function]}
      onKeyUp={[Function]}
      onMouseDown={[Function]}
      onMouseLeave={[Function]}
      onMouseUp={[Function]}
      onTouchEnd={[Function]}
      onTouchMove={[Function]}
      onTouchStart={[Function]}
      tabIndex={0}
      type="button"
    >
      <span
        className="MuiButton-label"
      >
        Edit
      </span>
    </button>
    <button
      className="MuiButtonBase-root MuiButton-root MuiButton-contained makeStyles-btnDelete-45 MuiButton-containedSecondary MuiButton-containedSizeSmall MuiButton-sizeSmall"
      disabled={false}
      onBlur={[Function]}
      onClick={[Function]}
      onDragLeave={[Function]}
      onFocus={[Function]}
      onKeyDown={[Function]}
      onKeyUp={[Function]}
      onMouseDown={[Function]}
      onMouseLeave={[Function]}
      onMouseUp={[Function]}
      onTouchEnd={[Function]}
      onTouchMove={[Function]}
      onTouchStart={[Function]}
      tabIndex={0}
      type="button"
    >
      <span
        className="MuiButton-label"
      >
        Delete
      </span>
    </button>
  </div>
</li>
`;
